// Jest Snapshot v1, https://goo.gl/fbAQLP

exports[`ExerciseCard tests Render ExerciseCard 1`] = `
<View
  style={
    Object {
      "alignItems": "center",
      "backgroundColor": "#eee",
      "borderRadius": 10,
      "flex": 1,
      "justifyContent": "center",
      "padding": 10,
    }
  }
>
  <Text
    style={
      Object {
        "fontSize": 17,
        "fontWeight": "bold",
      }
    }
  >
    Squats
  </Text>
  <View
    style={
      Object {
        "alignContent": "center",
        "flexDirection": "row",
        "justifyContent": "center",
        "paddingLeft": 10,
        "paddingRight": 10,
        "paddingTop": 5,
      }
    }
  >
    <RCTScrollView
      getItem={[Function]}
      getItemCount={[Function]}
      keyExtractor={[Function]}
      onContentSizeChange={[Function]}
      onLayout={[Function]}
      onMomentumScrollBegin={[Function]}
      onMomentumScrollEnd={[Function]}
      onScroll={[Function]}
      onScrollBeginDrag={[Function]}
      onScrollEndDrag={[Function]}
      removeClippedSubviews={false}
      renderItem={[Function]}
      scrollEventThrottle={50}
      stickyHeaderIndices={Array []}
      viewabilityConfigCallbackPairs={Array []}
    >
      <View />
    </RCTScrollView>
  </View>
</View>
`;
