// Jest Snapshot v1, https://goo.gl/fbAQLP

exports[`NoPlans tests Render NoPlans 1`] = `
<View>
  <View
    style={
      {
        "alignItems": "center",
      }
    }
  >
    <svg
      data-filename="assets/svg/personal_training.svg"
    />
  </View>
  <Text
    style={
      {
        "color": "#343a40",
        "fontSize": 22,
        "fontWeight": "bold",
        "margin": 20,
        "textAlign": "center",
      }
    }
  >
    welcome
  </Text>
  <Text
    style={
      {
        "color": "#495057",
        "fontSize": 16,
        "fontWeight": "normal",
        "margin": 10,
        "textAlign": "center",
      }
    }
  >
    noPlans
  </Text>
  <View
    accessibilityState={
      {
        "busy": undefined,
        "checked": undefined,
        "disabled": undefined,
        "expanded": undefined,
        "selected": undefined,
      }
    }
    accessibilityValue={
      {
        "max": undefined,
        "min": undefined,
        "now": undefined,
        "text": undefined,
      }
    }
    accessible={true}
    collapsable={false}
    focusable={true}
    onClick={[Function]}
    onResponderGrant={[Function]}
    onResponderMove={[Function]}
    onResponderRelease={[Function]}
    onResponderTerminate={[Function]}
    onResponderTerminationRequest={[Function]}
    onStartShouldSetResponder={[Function]}
    style={
      {
        "backgroundColor": "#386fa4",
        "borderRadius": 20,
        "margin": 15,
        "opacity": 1,
        "paddingVertical": 5,
      }
    }
  >
    <Text
      style={
        {
          "color": "white",
          "fontSize": 18,
          "fontWeight": "bold",
          "margin": 10,
          "textAlign": "center",
        }
      }
    >
      addPlan
    </Text>
  </View>
</View>
`;
