// Jest Snapshot v1, https://goo.gl/fbAQLP

exports[`NoPlans tests Render NoPlans 1`] = `
<View>
  <svg
    data-filename="assets/svg/personal_training.svgx"
  />
  <Text
    style={
      Object {
        "color": "#343a40",
        "fontSize": 22,
        "fontWeight": "bold",
        "margin": 20,
        "textAlign": "center",
      }
    }
  >
    welcome
  </Text>
  <Text
    style={
      Object {
        "color": "#495057",
        "fontSize": 16,
        "fontWeight": "normal",
        "margin": 10,
        "textAlign": "center",
      }
    }
  >
    noPlans
  </Text>
  <View
    accessible={true}
    focusable={true}
    onClick={[Function]}
    onResponderGrant={[Function]}
    onResponderMove={[Function]}
    onResponderRelease={[Function]}
    onResponderTerminate={[Function]}
    onResponderTerminationRequest={[Function]}
    onStartShouldSetResponder={[Function]}
    style={
      Object {
        "backgroundColor": "#386fa4",
        "borderRadius": 20,
        "margin": 15,
        "opacity": 1,
        "paddingVertical": 5,
      }
    }
  >
    <Text
      style={
        Object {
          "color": "white",
          "fontSize": 18,
          "fontWeight": "bold",
          "margin": 10,
          "textAlign": "center",
        }
      }
    >
      addPlan
    </Text>
  </View>
</View>
`;
