// Jest Snapshot v1, https://goo.gl/fbAQLP

exports[`NoPlans tests Render NoPlans 1`] = `
<View
  style={
    Object {
      "alignItems": "center",
      "backgroundColor": "#fff",
      "flex": 1,
      "justifyContent": "center",
    }
  }
>
  <Text>
    noPlans
  </Text>
  <View
    accessible={true}
    focusable={true}
    onClick={[Function]}
    onResponderGrant={[Function]}
    onResponderMove={[Function]}
    onResponderRelease={[Function]}
    onResponderTerminate={[Function]}
    onResponderTerminationRequest={[Function]}
    onStartShouldSetResponder={[Function]}
    style={
      Object {
        "backgroundColor": "#386fa4",
        "borderRadius": 20,
        "opacity": 1,
        "paddingVertical": 5,
      }
    }
  >
    <Text
      style={
        Object {
          "color": "white",
          "fontSize": 18,
          "fontWeight": "bold",
          "margin": 10,
          "textAlign": "center",
        }
      }
    >
      addPlan
    </Text>
  </View>
</View>
`;
