// Jest Snapshot v1, https://goo.gl/fbAQLP

exports[`ExercisesList tests Render ExercisesList 1`] = `
<View
  style={
    Object {
      "alignItems": "stretch",
      "backgroundColor": "#fff",
      "flex": 1,
      "justifyContent": "center",
      "width": "85%",
    }
  }
>
  <RCTScrollView
    ItemSeparatorComponent={[Function]}
    data={
      Array [
        Object {
          "kgs": "5",
          "name": "Squats",
          "repetitions": "12",
          "sets": "4",
        },
        Object {
          "kgs": "2",
          "name": "Pushups",
          "repetitions": "15",
          "sets": "3",
        },
      ]
    }
    disableVirtualization={false}
    getItem={[Function]}
    getItemCount={[Function]}
    horizontal={false}
    initialNumToRender={10}
    keyExtractor={[Function]}
    maxToRenderPerBatch={10}
    onContentSizeChange={[Function]}
    onEndReachedThreshold={2}
    onLayout={[Function]}
    onMomentumScrollEnd={[Function]}
    onScroll={[Function]}
    onScrollBeginDrag={[Function]}
    onScrollEndDrag={[Function]}
    removeClippedSubviews={false}
    renderItem={[Function]}
    scrollEventThrottle={50}
    stickyHeaderIndices={Array []}
    updateCellsBatchingPeriod={50}
    viewabilityConfigCallbackPairs={Array []}
    windowSize={21}
  >
    <View>
      <View
        onLayout={[Function]}
        style={null}
      >
        <View
          style={
            Object {
              "alignItems": "center",
              "backgroundColor": "#eee",
              "borderRadius": 10,
              "flex": 1,
              "justifyContent": "center",
              "padding": 10,
            }
          }
        >
          <Text
            style={
              Object {
                "fontSize": 17,
                "fontWeight": "bold",
              }
            }
          >
            Squats
          </Text>
          <View
            style={
              Object {
                "flexDirection": "row",
                "paddingLeft": 10,
                "paddingTop": 7,
              }
            }
          >
            <View
              style={
                Object {
                  "flexDirection": "row",
                  "paddingLeft": 10,
                  "paddingTop": 7,
                }
              }
            >
              <Text
                style={
                  Object {
                    "fontSize": 14,
                    "fontWeight": "bold",
                  }
                }
              >
                4
              </Text>
              <Text>
                 
                sets
              </Text>
            </View>
            <View
              style={
                Object {
                  "flexDirection": "row",
                  "paddingLeft": 10,
                  "paddingTop": 7,
                }
              }
            >
              <Text
                style={
                  Object {
                    "fontSize": 14,
                    "fontWeight": "bold",
                  }
                }
              >
                12
              </Text>
              <Text>
                 
                repetitions
              </Text>
            </View>
            <View
              style={
                Object {
                  "flexDirection": "row",
                  "paddingLeft": 10,
                  "paddingTop": 7,
                }
              }
            >
              <Text
                style={
                  Object {
                    "fontSize": 14,
                    "fontWeight": "bold",
                  }
                }
              >
                5
              </Text>
              <Text>
                 
                kgs
              </Text>
            </View>
          </View>
        </View>
        <View
          style={
            Object {
              "height": 15,
            }
          }
        />
      </View>
      <View
        onLayout={[Function]}
        style={null}
      >
        <View
          style={
            Object {
              "alignItems": "center",
              "backgroundColor": "#eee",
              "borderRadius": 10,
              "flex": 1,
              "justifyContent": "center",
              "padding": 10,
            }
          }
        >
          <Text
            style={
              Object {
                "fontSize": 17,
                "fontWeight": "bold",
              }
            }
          >
            Pushups
          </Text>
          <View
            style={
              Object {
                "flexDirection": "row",
                "paddingLeft": 10,
                "paddingTop": 7,
              }
            }
          >
            <View
              style={
                Object {
                  "flexDirection": "row",
                  "paddingLeft": 10,
                  "paddingTop": 7,
                }
              }
            >
              <Text
                style={
                  Object {
                    "fontSize": 14,
                    "fontWeight": "bold",
                  }
                }
              >
                3
              </Text>
              <Text>
                 
                sets
              </Text>
            </View>
            <View
              style={
                Object {
                  "flexDirection": "row",
                  "paddingLeft": 10,
                  "paddingTop": 7,
                }
              }
            >
              <Text
                style={
                  Object {
                    "fontSize": 14,
                    "fontWeight": "bold",
                  }
                }
              >
                15
              </Text>
              <Text>
                 
                repetitions
              </Text>
            </View>
            <View
              style={
                Object {
                  "flexDirection": "row",
                  "paddingLeft": 10,
                  "paddingTop": 7,
                }
              }
            >
              <Text
                style={
                  Object {
                    "fontSize": 14,
                    "fontWeight": "bold",
                  }
                }
              >
                2
              </Text>
              <Text>
                 
                kgs
              </Text>
            </View>
          </View>
        </View>
      </View>
    </View>
  </RCTScrollView>
</View>
`;
